WARNING: A restricted method in java.lang.System has been called
WARNING: java.lang.System::load has been called by net.rubygrapefruit.platform.internal.NativeLibraryLoader in an unnamed module (file:/C:/Users/Kelin/.gradle/wrapper/dists/gradle-9.3.0-bin/bhaiewupfitimu8dp3dbwulm2/gradle-9.3.0/lib/native-platform-0.22-milestone-29.jar)
WARNING: Use --enable-native-access=ALL-UNNAMED to avoid a warning for callers in this module
WARNING: Restricted methods will be blocked in a future release unless native access is enabled


> Configure project :
Mod version could not be determined! Property 'modVersion' is not set, and either git is not installed or no git tags exist.

> Task :clean
> Task :compileInjectedInterfacesJava NO-SOURCE
> Task :extractDependencyATs
> Task :generateForgeSrgMappings SKIPPED
> Task :downloadVanillaJars SKIPPED
> Task :mergeVanillaSidedJars

> Task :deobfuscateMergedJarToSrg
Applying SpecialSource
Loading 2 AccessTransformers
Renamed 0 AT entries
Applying Exceptor
Cleaning up generated debuginfo

> Task :downloadFernflower SKIPPED

> Task :decompileSrgJar
Using cached decompiled jar from C:\Users\Kelin\.gradle\caches\retro_futura_gradle\fernflower-cache\1.0.342-c39d4698c70f6153bd943647e89d990bb77d3b0e09fb147db878077fcb767c63.jar

> Task :cleanupDecompSrgJar
Fixup stage 1 - applying FF patches
  Stage 1 took 847 ms
Fixup stage 2 - applying MCP patches
  Stage 2 took 464 ms
Fixup stage 3 - applying MCP cleanup
  Stage 3 took 8203 ms
Fixup stage 4 - injecting package-info
  Injected 119 package-infos
  Stage 4 took 26 ms
Saving the fixed-up jar

> Task :patchDecompiledJar
Patching sources: 1 patch archives, 2 injection directories
Applied 525 patches

> Task :applyJST
Applying access transformers: [E:\Git\AE绯籠Applied-Energistics-2-0.56.7\build\rfg\dependency_at.cfg]
Access transformer PUBLIC LEAVE E:\Git\AE系\Applied-Energistics-2-0.56.7\build\rfg\dependency_at.cfg:165, targeting net.minecraft.client.renderer.entity.layers.LayerBipedArmor METHOD func_188359_a(Lnet/minecraft/client/model/ModelBase;Lnet/minecraft/inventory/EntityEquipmentSlot;)V did not apply as its target doesn't exist

> Task :remapDecompiledJar
Applied 0 missing generics

> Task :decompressDecompiledSources
> Task :processInjectedInterfacesResources NO-SOURCE
> Task :injectedInterfacesClasses UP-TO-DATE
> Task :compilePatchedMcJava
娉? 鏌愪簺杈撳叆鏂囦欢浣跨敤鎴栬鐩栦簡宸茶繃鏃剁殑 API銆?
娉? 鏈夊叧璇︾粏淇℃伅, 璇蜂娇鐢?-Xlint:deprecation 閲嶆柊缂栬瘧銆?
娉? 鏌愪簺杈撳叆鏂囦欢浣跨敤浜嗘湭缁忔鏌ユ垨涓嶅畨鍏ㄧ殑鎿嶄綔銆?
娉? 鏈夊叧璇︾粏淇℃伅, 璇蜂娇鐢?-Xlint:unchecked 閲嶆柊缂栬瘧銆?

> Task :processPatchedMcResources
> Task :patchedMcClasses

> Task :compileApiJava
娉? E:\Git\AE绯籠Applied-Energistics-2-0.56.7\src\api\java\appeng\api\util\AEColor.java浣跨敤鎴栬鐩栦簡宸茶繃鏃剁殑 API銆?
娉? 鏈夊叧璇︾粏淇℃伅, 璇蜂娇鐢?-Xlint:deprecation 閲嶆柊缂栬瘧銆?

> Task :processApiResources NO-SOURCE
> Task :apiClasses
> Task :injectTags
> Task :compileInjectedTagsJava
> Task :extractNatives2 UP-TO-DATE
> Task :createMcLauncherFiles
> Task :compileMcLauncherJava
> Task :processInjectedTagsResources NO-SOURCE
> Task :injectedTagsClasses
> Task :processMcLauncherResources NO-SOURCE
> Task :mcLauncherClasses

> Task :compileJava
E:\Git\AE绯籠Applied-Energistics-2-0.56.7\src\main\java\appeng\parts\misc\PartOreDicStorageBus.java:57: 閿欒: 鎵句笉鍒扮鍙?        List<MatchRule> rulesList = OreDictFilterMatcher.parseExpression(oreExp);
             ^
  绗﹀彿:   绫?MatchRule
  浣嶇疆: 绫?PartOreDicStorageBus
E:\Git\AE绯籠Applied-Energistics-2-0.56.7\src\main\java\appeng\parts\misc\PartOreDicStorageBus.java:156: 閿欒: 鎵句笉鍒扮鍙?            List<MatchRule> ruleList = OreDictFilterMatcher.parseExpression(oreExp);
                 ^
  绗﹀彿:   绫?MatchRule
  浣嶇疆: 绫?PartOreDicStorageBus
E:\Git\AE绯籠Applied-Energistics-2-0.56.7\src\main\java\appeng\parts\misc\PartOreDicStorageBus.java:173: 閿欒: 鎵句笉鍒扮鍙?            List<MatchRule> ruleList = OreDictFilterMatcher.parseExpression(oreMatch);
                 ^
  绗﹀彿:   绫?MatchRule
  浣嶇疆: 绫?PartOreDicStorageBus
娉? 鏌愪簺杈撳叆鏂囦欢浣跨敤鎴栬鐩栦簡宸茶繃鏃剁殑 API銆?
娉? 鏈夊叧璇︾粏淇℃伅, 璇蜂娇鐢?-Xlint:deprecation 閲嶆柊缂栬瘧銆?
娉? 鏌愪簺杈撳叆鏂囦欢浣跨敤浜嗘湭缁忔鏌ユ垨涓嶅畨鍏ㄧ殑鎿嶄綔銆?
娉? 鏈夊叧璇︾粏淇℃伅, 璇蜂娇鐢?-Xlint:unchecked 閲嶆柊缂栬瘧銆?
3 涓敊璇?

> Task :compileJava FAILED

[Incubating] Problems report is available at: file:///E:/Git/AE%E7%B3%BB/Applied-Energistics-2-0.56.7/build/reports/problems/problems-report.html

FAILURE: Build failed with an exception.

* What went wrong:
Execution failed for task ':compileJava'.
> Compilation failed; see the compiler output below.
  E:\Git\AE绯籠Applied-Energistics-2-0.56.7\src\main\java\appeng\parts\misc\PartOreDicStorageBus.java:57: 閿欒: 鎵句笉鍒扮鍙?          List<MatchRule> rulesList = OreDictFilterMatcher.parseExpression(oreExp);
               ^
    绗﹀彿:   绫?MatchRule
    浣嶇疆: 绫?PartOreDicStorageBus
  3 涓敊璇?

* Try:
> Check your code and dependencies to fix the compilation error(s)
> Run with --scan to get full insights from a Build Scan (powered by Develocity).

* Exception is:
org.gradle.api.tasks.TaskExecutionException: Execution failed for task ':compileJava'.
	at org.gradle.api.internal.tasks.execution.ExecuteActionsTaskExecuter.lambda$executeIfValid$1(ExecuteActionsTaskExecuter.java:135)
	at org.gradle.internal.Try$Failure.ifSuccessfulOrElse(Try.java:288)
	at org.gradle.api.internal.tasks.execution.ExecuteActionsTaskExecuter.executeIfValid(ExecuteActionsTaskExecuter.java:133)
	at org.gradle.api.internal.tasks.execution.ExecuteActionsTaskExecuter.execute(ExecuteActionsTaskExecuter.java:121)
	at org.gradle.api.internal.tasks.execution.ProblemsTaskPathTrackingTaskExecuter.execute(ProblemsTaskPathTrackingTaskExecuter.java:41)
	at org.gradle.api.internal.tasks.execution.FinalizePropertiesTaskExecuter.execute(FinalizePropertiesTaskExecuter.java:46)
	at org.gradle.api.internal.tasks.execution.ResolveTaskExecutionModeExecuter.execute(ResolveTaskExecutionModeExecuter.java:51)
	at org.gradle.api.internal.tasks.execution.SkipTaskWithNoActionsExecuter.execute(SkipTaskWithNoActionsExecuter.java:57)
	at org.gradle.api.internal.tasks.execution.SkipOnlyIfTaskExecuter.execute(SkipOnlyIfTaskExecuter.java:74)
	at org.gradle.api.internal.tasks.execution.CatchExceptionTaskExecuter.execute(CatchExceptionTaskExecuter.java:36)
	at org.gradle.api.internal.tasks.execution.EventFiringTaskExecuter$1.executeTask(EventFiringTaskExecuter.java:77)
	at org.gradle.api.internal.tasks.execution.EventFiringTaskExecuter$1.call(EventFiringTaskExecuter.java:55)
	at org.gradle.api.internal.tasks.execution.EventFiringTaskExecuter$1.call(EventFiringTaskExecuter.java:52)
	at org.gradle.internal.operations.DefaultBuildOperationRunner$CallableBuildOperationWorker.execute(DefaultBuildOperationRunner.java:209)
	at org.gradle.internal.operations.DefaultBuildOperationRunner$CallableBuildOperationWorker.execute(DefaultBuildOperationRunner.java:204)
	at org.gradle.internal.operations.DefaultBuildOperationRunner$2.execute(DefaultBuildOperationRunner.java:66)
	at org.gradle.internal.operations.DefaultBuildOperationRunner$2.execute(DefaultBuildOperationRunner.java:59)
	at org.gradle.internal.operations.DefaultBuildOperationRunner.execute(DefaultBuildOperationRunner.java:166)
	at org.gradle.internal.operations.DefaultBuildOperationRunner.execute(DefaultBuildOperationRunner.java:59)
	at org.gradle.internal.operations.DefaultBuildOperationRunner.call(DefaultBuildOperationRunner.java:53)
	at org.gradle.api.internal.tasks.execution.EventFiringTaskExecuter.execute(EventFiringTaskExecuter.java:52)
	at org.gradle.execution.plan.DefaultNodeExecutor.executeLocalTaskNode(DefaultNodeExecutor.java:55)
	at org.gradle.execution.plan.DefaultNodeExecutor.execute(DefaultNodeExecutor.java:34)
	at org.gradle.execution.taskgraph.DefaultTaskExecutionGraph$InvokeNodeExecutorsAction.execute(DefaultTaskExecutionGraph.java:355)
	at org.gradle.execution.taskgraph.DefaultTaskExecutionGraph$InvokeNodeExecutorsAction.execute(DefaultTaskExecutionGraph.java:343)
	at org.gradle.execution.taskgraph.DefaultTaskExecutionGraph$BuildOperationAwareExecutionAction.lambda$execute$0(DefaultTaskExecutionGraph.java:339)
	at org.gradle.internal.operations.CurrentBuildOperationRef.with(CurrentBuildOperationRef.java:84)
	at org.gradle.execution.taskgraph.DefaultTaskExecutionGraph$BuildOperationAwareExecutionAction.execute(DefaultTaskExecutionGraph.java:339)
	at org.gradle.execution.taskgraph.DefaultTaskExecutionGraph$BuildOperationAwareExecutionAction.execute(DefaultTaskExecutionGraph.java:328)
	at org.gradle.execution.plan.DefaultPlanExecutor$ExecutorWorker.execute(DefaultPlanExecutor.java:459)
	at org.gradle.execution.plan.DefaultPlanExecutor$ExecutorWorker.run(DefaultPlanExecutor.java:376)
	at org.gradle.execution.plan.DefaultPlanExecutor.process(DefaultPlanExecutor.java:111)
	at org.gradle.execution.taskgraph.DefaultTaskExecutionGraph.executeWithServices(DefaultTaskExecutionGraph.java:146)
	at org.gradle.execution.taskgraph.DefaultTaskExecutionGraph.execute(DefaultTaskExecutionGraph.java:131)
	at org.gradle.execution.SelectedTaskExecutionAction.execute(SelectedTaskExecutionAction.java:35)
	at org.gradle.execution.BuildOperationFiringBuildWorkerExecutor$ExecuteTasks.call(BuildOperationFiringBuildWorkerExecutor.java:54)
	at org.gradle.execution.BuildOperationFiringBuildWorkerExecutor$ExecuteTasks.call(BuildOperationFiringBuildWorkerExecutor.java:43)
	at org.gradle.internal.operations.DefaultBuildOperationRunner$CallableBuildOperationWorker.execute(DefaultBuildOperationRunner.java:209)
	at org.gradle.internal.operations.DefaultBuildOperationRunner$CallableBuildOperationWorker.execute(DefaultBuildOperationRunner.java:204)
	at org.gradle.internal.operations.DefaultBuildOperationRunner$2.execute(DefaultBuildOperationRunner.java:66)
	at org.gradle.internal.operations.DefaultBuildOperationRunner$2.execute(DefaultBuildOperationRunner.java:59)
	at org.gradle.internal.operations.DefaultBuildOperationRunner.execute(DefaultBuildOperationRunner.java:166)
	at org.gradle.internal.operations.DefaultBuildOperationRunner.execute(DefaultBuildOperationRunner.java:59)
	at org.gradle.internal.operations.DefaultBuildOperationRunner.call(DefaultBuildOperationRunner.java:53)
	at org.gradle.execution.BuildOperationFiringBuildWorkerExecutor.execute(BuildOperationFiringBuildWorkerExecutor.java:40)
	at org.gradle.internal.build.DefaultBuildLifecycleController.lambda$executeTasks$10(DefaultBuildLifecycleController.java:313)
	at org.gradle.internal.model.StateTransitionController.doTransition(StateTransitionController.java:276)
	at org.gradle.internal.model.StateTransitionController.lambda$tryTransition$8(StateTransitionController.java:187)
	at org.gradle.internal.work.DefaultSynchronizer.withLock(DefaultSynchronizer.java:45)
	at org.gradle.internal.model.StateTransitionController.tryTransition(StateTransitionController.java:187)
	at org.gradle.internal.build.DefaultBuildLifecycleController.executeTasks(DefaultBuildLifecycleController.java:304)
	at org.gradle.internal.build.DefaultBuildWorkGraphController$DefaultBuildWorkGraph.runWork(DefaultBuildWorkGraphController.java:220)
	at org.gradle.internal.work.DefaultWorkerLeaseService.lambda$withLocksAcquired$0(DefaultWorkerLeaseService.java:269)
	at org.gradle.internal.work.ResourceLockStatistics$1.measure(ResourceLockStatistics.java:42)
	at org.gradle.internal.work.DefaultWorkerLeaseService.withLocksAcquired(DefaultWorkerLeaseService.java:267)
	at org.gradle.internal.work.DefaultWorkerLeaseService.withLocks(DefaultWorkerLeaseService.java:259)
	at org.gradle.internal.work.DefaultWorkerLeaseService.runAsWorkerThread(DefaultWorkerLeaseService.java:127)
	at org.gradle.composite.internal.DefaultBuildController.doRun(DefaultBuildController.java:181)
	at org.gradle.composite.internal.DefaultBuildController.access$000(DefaultBuildController.java:50)
	at org.gradle.composite.internal.DefaultBuildController$BuildOpRunnable.lambda$run$0(DefaultBuildController.java:198)
	at org.gradle.internal.operations.CurrentBuildOperationRef.with(CurrentBuildOperationRef.java:84)
	at org.gradle.composite.internal.DefaultBuildController$BuildOpRunnable.run(DefaultBuildController.java:198)
	at org.gradle.internal.concurrent.ExecutorPolicy$CatchAndRecordFailures.onExecute(ExecutorPolicy.java:64)
	at org.gradle.internal.concurrent.AbstractManagedExecutor$1.run(AbstractManagedExecutor.java:47)
Caused by: org.gradle.api.internal.tasks.compile.CompilationFailedException: Compilation failed; see the compiler output below.
E:\Git\AE绯籠Applied-Energistics-2-0.56.7\src\main\java\appeng\parts\misc\PartOreDicStorageBus.java:57: 閿欒: 鎵句笉鍒扮鍙?        List<MatchRule> rulesList = OreDictFilterMatcher.parseExpression(oreExp);
             ^
  绗﹀彿:   绫?MatchRule
  浣嶇疆: 绫?PartOreDicStorageBus
E:\Git\AE绯籠Applied-Energistics-2-0.56.7\src\main\java\appeng\parts\misc\PartOreDicStorageBus.java:156: 閿欒: 鎵句笉鍒扮鍙?            List<MatchRule> ruleList = OreDictFilterMatcher.parseExpression(oreExp);
                 ^
  绗﹀彿:   绫?MatchRule
  浣嶇疆: 绫?PartOreDicStorageBus
E:\Git\AE绯籠Applied-Energistics-2-0.56.7\src\main\java\appeng\parts\misc\PartOreDicStorageBus.java:173: 閿欒: 鎵句笉鍒扮鍙?            List<MatchRule> ruleList = OreDictFilterMatcher.parseExpression(oreMatch);
                 ^
  绗﹀彿:   绫?MatchRule
  浣嶇疆: 绫?PartOreDicStorageBus
娉? 鏌愪簺杈撳叆鏂囦欢浣跨敤鎴栬鐩栦簡宸茶繃鏃剁殑 API銆?
娉? 鏈夊叧璇︾粏淇℃伅, 璇蜂娇鐢?-Xlint:deprecation 閲嶆柊缂栬瘧銆?
娉? 鏌愪簺杈撳叆鏂囦欢浣跨敤浜嗘湭缁忔鏌ユ垨涓嶅畨鍏ㄧ殑鎿嶄綔銆?
娉? 鏈夊叧璇︾粏淇℃伅, 璇蜂娇鐢?-Xlint:unchecked 閲嶆柊缂栬瘧銆?
3 涓敊璇?
	at org.gradle.api.internal.tasks.compile.JdkJavaCompiler.execute(JdkJavaCompiler.java:89)
	at org.gradle.api.internal.tasks.compile.JdkJavaCompiler.execute(JdkJavaCompiler.java:50)
	at org.gradle.api.internal.tasks.compile.daemon.AbstractIsolatedCompilerWorkerExecutor$CompilerWorkAction.execute(AbstractIsolatedCompilerWorkerExecutor.java:79)
	at org.gradle.workers.internal.DefaultWorkerServer.execute(DefaultWorkerServer.java:68)
	at org.gradle.workers.internal.AbstractClassLoaderWorker$1.create(AbstractClassLoaderWorker.java:54)
	at org.gradle.workers.internal.AbstractClassLoaderWorker$1.create(AbstractClassLoaderWorker.java:48)
	at org.gradle.internal.classloader.ClassLoaderUtils.executeInClassloader(ClassLoaderUtils.java:102)
	at org.gradle.workers.internal.AbstractClassLoaderWorker.executeInClassLoader(AbstractClassLoaderWorker.java:48)
	at org.gradle.workers.internal.FlatClassLoaderWorker.run(FlatClassLoaderWorker.java:32)
	at org.gradle.workers.internal.FlatClassLoaderWorker.run(FlatClassLoaderWorker.java:22)
	at org.gradle.workers.internal.WorkerDaemonServer.run(WorkerDaemonServer.java:109)
	at org.gradle.workers.internal.WorkerDaemonServer.run(WorkerDaemonServer.java:78)
	at org.gradle.process.internal.worker.request.WorkerAction.lambda$run$1(WorkerAction.java:150)
	at org.gradle.process.internal.worker.child.WorkerLogEventListener.withWorkerLoggingProtocol(WorkerLogEventListener.java:41)
	at org.gradle.process.internal.worker.request.WorkerAction.lambda$run$2(WorkerAction.java:150)
	at org.gradle.internal.operations.CurrentBuildOperationRef.with(CurrentBuildOperationRef.java:84)
	at org.gradle.process.internal.worker.request.WorkerAction.run(WorkerAction.java:142)
	at org.gradle.internal.dispatch.MethodInvocation.invokeOn(MethodInvocation.java:77)
	at org.gradle.internal.dispatch.ReflectionDispatch.dispatch(ReflectionDispatch.java:28)
	at org.gradle.internal.dispatch.ReflectionDispatch.dispatch(ReflectionDispatch.java:19)
	at org.gradle.internal.remote.internal.hub.MessageHubBackedObjectConnection$DispatchWrapper.dispatch(MessageHubBackedObjectConnection.java:182)
	at org.gradle.internal.remote.internal.hub.MessageHubBackedObjectConnection$DispatchWrapper.dispatch(MessageHubBackedObjectConnection.java:164)
	at org.gradle.internal.remote.internal.hub.MessageHub$Handler.run(MessageHub.java:414)
	at org.gradle.internal.concurrent.ExecutorPolicy$CatchAndRecordFailures.onExecute(ExecutorPolicy.java:64)
	at org.gradle.internal.concurrent.AbstractManagedExecutor$1.run(AbstractManagedExecutor.java:47)


Deprecated Gradle features were used in this build, making it incompatible with Gradle 10.

You can use '--warning-mode all' to show the individual deprecation warnings and determine if they come from your own scripts or plugins.

For more on this, please refer to https://docs.gradle.org/9.3.0/userguide/command_line_interface.html#sec:command_line_warnings in the Gradle documentation.

BUILD FAILED in 5m 44s
19 actionable tasks: 18 executed, 1 up-to-date
